2 hello 99
2 ylspirit 78
2 test 73
1 hello 99
3 test 73