hello world blah
goodby blah yes
goodbye to blah
test me
test me